// Jest Snapshot v1, https://goo.gl/fbAQLP

exports[`Storage Module Mocking renders correctly 1`] = `
Array [
  <RCTScrollView
    ListEmptyComponent={[Function]}
    data={Array []}
    getItem={[Function]}
    getItemCount={[Function]}
    keyExtractor={[Function]}
    onContentSizeChange={[Function]}
    onLayout={[Function]}
    onMomentumScrollBegin={[Function]}
    onMomentumScrollEnd={[Function]}
    onScroll={[Function]}
    onScrollBeginDrag={[Function]}
    onScrollEndDrag={[Function]}
    removeClippedSubviews={false}
    renderItem={[Function]}
    scrollEventThrottle={50}
    stickyHeaderIndices={Array []}
    style={
      Object {
        "backgroundColor": "yellow",
        "flexGrow": 0,
        "padding": 8,
      }
    }
    viewabilityConfigCallbackPairs={Array []}
  >
    <View>
      <Text>
        No Planets Nearby!
      </Text>
    </View>
  </RCTScrollView>,
  <View>
    <View
      accessible={true}
      collapsable={false}
      focusable={true}
      onClick={[Function]}
      onResponderGrant={[Function]}
      onResponderMove={[Function]}
      onResponderRelease={[Function]}
      onResponderTerminate={[Function]}
      onResponderTerminationRequest={[Function]}
      onStartShouldSetResponder={[Function]}
      style={
        Object {
          "opacity": 1,
        }
      }
    >
      <Text>
        Clear Storage
      </Text>
    </View>
  </View>,
]
`;
